STK_Program.c:19:6:MCAL_STK_Init	4	static
STK_Program.c:44:6:MCAL_STK_BusyWait	16	static
STK_Program.c:58:6:MCAL_STK_Dealy_us	24	static
STK_Program.c:63:6:MCAL_STK_Dealy_ms	24	static
STK_Program.c:68:6:MCAL_STK_Set_Interval_Periodic	16	static
STK_Program.c:81:6:MCAL_STK_Set_Interval_Single	16	static
STK_Program.c:94:10:MCAL_STK_Get_ElapsedTime	4	static
STK_Program.c:100:10:MCAL_STK_Get_RemainingTime	4	static
STK_Program.c:105:6:MCAL_STK_StopInterval	4	static
STK_Program.c:115:6:SysTick_Handler	8	static
